Command: python train_rl.py --env CartPole-v1 --episodes 10 --use-bp --max-iters 5
Duration: 3.5s
Exit code: 0
======================================================================

======================================================================
🎮 Reinforcement Learning with BP
======================================================================
Environment: CartPole-v1
Episodes: 10
Policy: BP Baseline
======================================================================

Obs dim: 4, Action dim: 2
Episode 10: Reward=13, Avg(100)=23.2

======================================================================
📊 RESULTS
======================================================================
Policy: BP
Best Average Reward: 25.0
Final Average Reward: 23.2
Solved: ❌ No
Training time: 0.4s
======================================================================

Results saved to: logs/rl/CartPole-v1_bp_20251229_095850.json
