Command: python train.py --dataset cifar10 --epochs 1 --d-model 32 --rapid --max-iters 5 --n-heads 2 --d-ff 64 --batch-size 32
Duration: 36.4s
Exit code: 0
======================================================================
[Rapid Mode] Loaded defaults from /home/me/toreq/configs/rapid_mode.yaml
======================================================================
Training TorEqProp on CIFAR10
======================================================================
Device: cuda
Model: d_model=32, n_heads=2, d_ff=64
Attention: linear, Symmetric: False
Beta: 0.22, LR: 0.002, Damping: 0.8
Compile: False, Wandb: False
======================================================================
Epoch 0 [0/1563] Loss: 2.5478 Acc: 0.0938 Iters: 5/5
Epoch 0 [100/1563] Loss: 2.0697 Acc: 0.2500 Iters: 5/5
Epoch 0 [200/1563] Loss: 2.0337 Acc: 0.2500 Iters: 5/5
Epoch 0 [300/1563] Loss: 1.9534 Acc: 0.1875 Iters: 5/5
Epoch 0 [400/1563] Loss: 2.1226 Acc: 0.1875 Iters: 5/5
Epoch 0 [500/1563] Loss: 1.9849 Acc: 0.2812 Iters: 5/5
Epoch 0 [600/1563] Loss: 1.9778 Acc: 0.2188 Iters: 5/5
Epoch 0 [700/1563] Loss: 2.0502 Acc: 0.1875 Iters: 5/5
Epoch 0 [800/1563] Loss: 2.0366 Acc: 0.2500 Iters: 5/5
Epoch 0 [900/1563] Loss: 2.0224 Acc: 0.1250 Iters: 5/5
Epoch 0 [1000/1563] Loss: 1.7184 Acc: 0.4375 Iters: 5/5
Epoch 0 [1100/1563] Loss: 1.8561 Acc: 0.2500 Iters: 5/5
Epoch 0 [1200/1563] Loss: 1.9565 Acc: 0.3125 Iters: 5/5
Epoch 0 [1300/1563] Loss: 1.7277 Acc: 0.3438 Iters: 5/5
Epoch 0 [1400/1563] Loss: 1.9639 Acc: 0.3438 Iters: 5/5
Epoch 0 [1500/1563] Loss: 1.6900 Acc: 0.4062 Iters: 5/5

Epoch 0 Summary:
  Train Loss: 1.9741, Train Acc: 0.2940
  Test Loss: 1.8489, Test Acc: 0.3495
  Avg Iters: 5.0/5.0
  Time: 29.5s

======================================================================
Training complete! Best test accuracy: 0.3495
======================================================================
