Command: python train.py --dataset mnist --epochs 1 --d-model 32 --rapid --max-iters 5 --n-heads 2 --d-ff 64 --batch-size 32
Duration: 40.2s
Exit code: 0
======================================================================
[Rapid Mode] Loaded defaults from /home/me/toreq/configs/rapid_mode.yaml
======================================================================
Training TorEqProp on MNIST
======================================================================
Device: cuda
Model: d_model=32, n_heads=2, d_ff=64
Attention: linear, Symmetric: False
Beta: 0.22, LR: 0.002, Damping: 0.8
Compile: False, Wandb: False
======================================================================
Epoch 0 [0/1875] Loss: 2.5801 Acc: 0.0938 Iters: 5/5
Epoch 0 [100/1875] Loss: 2.2504 Acc: 0.1875 Iters: 5/5
Epoch 0 [200/1875] Loss: 1.7812 Acc: 0.5000 Iters: 5/5
Epoch 0 [300/1875] Loss: 1.3580 Acc: 0.5625 Iters: 5/5
Epoch 0 [400/1875] Loss: 0.9744 Acc: 0.7500 Iters: 5/5
Epoch 0 [500/1875] Loss: 1.1663 Acc: 0.7188 Iters: 5/5
Epoch 0 [600/1875] Loss: 0.7075 Acc: 0.9375 Iters: 5/5
Epoch 0 [700/1875] Loss: 0.7919 Acc: 0.7812 Iters: 5/5
Epoch 0 [800/1875] Loss: 0.8097 Acc: 0.8125 Iters: 5/5
Epoch 0 [900/1875] Loss: 0.6145 Acc: 0.8750 Iters: 5/5
Epoch 0 [1000/1875] Loss: 0.6265 Acc: 0.8438 Iters: 5/5
Epoch 0 [1100/1875] Loss: 0.6424 Acc: 0.8125 Iters: 5/5
Epoch 0 [1200/1875] Loss: 0.4683 Acc: 0.9062 Iters: 5/5
Epoch 0 [1300/1875] Loss: 0.4526 Acc: 0.9375 Iters: 5/5
Epoch 0 [1400/1875] Loss: 0.6106 Acc: 0.8750 Iters: 5/5
Epoch 0 [1500/1875] Loss: 0.5627 Acc: 0.8750 Iters: 5/5
Epoch 0 [1600/1875] Loss: 0.5072 Acc: 0.8750 Iters: 5/5
Epoch 0 [1700/1875] Loss: 0.3669 Acc: 0.9375 Iters: 5/5
Epoch 0 [1800/1875] Loss: 0.3918 Acc: 0.9375 Iters: 5/5

Epoch 0 Summary:
  Train Loss: 0.8985, Train Acc: 0.7649
  Test Loss: 0.4608, Test Acc: 0.9065
  Avg Iters: 5.0/5.0
  Time: 34.6s

======================================================================
Training complete! Best test accuracy: 0.9065
======================================================================
