Command: python train_rl.py --env CartPole-v1 --episodes 500 --use-bp
Duration: 54.3s
Exit code: 0
======================================================================

======================================================================
🎮 Reinforcement Learning with BP
======================================================================
Environment: CartPole-v1
Episodes: 500
Policy: BP Baseline
======================================================================

Obs dim: 4, Action dim: 2
Episode 10: Reward=11, Avg(100)=16.5
Episode 20: Reward=23, Avg(100)=19.1
Episode 30: Reward=27, Avg(100)=21.7
Episode 40: Reward=32, Avg(100)=21.6
Episode 50: Reward=20, Avg(100)=22.5
  Evaluation: 32.1
Episode 60: Reward=37, Avg(100)=22.9
Episode 70: Reward=19, Avg(100)=23.5
Episode 80: Reward=14, Avg(100)=23.9
Episode 90: Reward=39, Avg(100)=24.6
Episode 100: Reward=20, Avg(100)=24.6
  Evaluation: 22.2
Episode 110: Reward=36, Avg(100)=25.9
Episode 120: Reward=21, Avg(100)=27.2
Episode 130: Reward=58, Avg(100)=27.8
Episode 140: Reward=27, Avg(100)=29.3
Episode 150: Reward=59, Avg(100)=30.8
  Evaluation: 73.8
Episode 160: Reward=36, Avg(100)=32.5
Episode 170: Reward=16, Avg(100)=33.7
Episode 180: Reward=45, Avg(100)=35.1
Episode 190: Reward=31, Avg(100)=37.1
Episode 200: Reward=29, Avg(100)=38.9
  Evaluation: 45.6
Episode 210: Reward=24, Avg(100)=42.0
Episode 220: Reward=48, Avg(100)=42.4
Episode 230: Reward=27, Avg(100)=44.0
Episode 240: Reward=70, Avg(100)=46.0
Episode 250: Reward=73, Avg(100)=48.4
  Evaluation: 65.5
Episode 260: Reward=37, Avg(100)=49.9
Episode 270: Reward=85, Avg(100)=54.6
Episode 280: Reward=30, Avg(100)=54.9
Episode 290: Reward=160, Avg(100)=60.1
Episode 300: Reward=171, Avg(100)=65.1
  Evaluation: 112.6
Episode 310: Reward=41, Avg(100)=71.8
Episode 320: Reward=15, Avg(100)=77.9
Episode 330: Reward=160, Avg(100)=86.9
Episode 340: Reward=128, Avg(100)=94.6
Episode 350: Reward=143, Avg(100)=101.2
  Evaluation: 211.3
Episode 360: Reward=181, Avg(100)=116.2
Episode 370: Reward=142, Avg(100)=126.5
Episode 380: Reward=380, Avg(100)=141.0
Episode 390: Reward=22, Avg(100)=145.8
Episode 400: Reward=347, Avg(100)=156.1
  Evaluation: 227.6
Episode 410: Reward=316, Avg(100)=164.7
Episode 420: Reward=135, Avg(100)=170.6
Episode 430: Reward=200, Avg(100)=177.0
Episode 440: Reward=250, Avg(100)=191.4

🎉 SOLVED at episode 444! Avg reward: 197.0
Episode 450: Reward=485, Avg(100)=207.1
  Evaluation: 172.3
Episode 460: Reward=424, Avg(100)=215.9
Episode 470: Reward=500, Avg(100)=232.3
Episode 480: Reward=340, Avg(100)=248.2
Episode 490: Reward=203, Avg(100)=260.1
Episode 500: Reward=317, Avg(100)=268.5
  Evaluation: 281.4

======================================================================
📊 RESULTS
======================================================================
Policy: BP
Best Average Reward: 269.8
Final Average Reward: 268.5
Solved: ✅ Yes
Training time: 51.3s
======================================================================

Results saved to: logs/rl/CartPole-v1_bp_20251229_095243.json
