Command: python train_rl.py --env CartPole-v1 --episodes 500
Duration: 396.6s
Exit code: 0
======================================================================

======================================================================
🎮 Reinforcement Learning with EqProp
======================================================================
Environment: CartPole-v1
Episodes: 500
Policy: Equilibrium Policy
======================================================================

Obs dim: 4, Action dim: 2
Episode 10: Reward=18, Avg(100)=18.3
Episode 20: Reward=25, Avg(100)=19.6
Episode 30: Reward=32, Avg(100)=21.5
Episode 40: Reward=45, Avg(100)=23.9
Episode 50: Reward=36, Avg(100)=25.5
  Evaluation: 25.0
Episode 60: Reward=42, Avg(100)=28.4
Episode 70: Reward=28, Avg(100)=31.8
Episode 80: Reward=118, Avg(100)=34.7
Episode 90: Reward=70, Avg(100)=39.0
Episode 100: Reward=99, Avg(100)=43.6
  Evaluation: 103.6
Episode 110: Reward=37, Avg(100)=55.3
Episode 120: Reward=169, Avg(100)=66.0
Episode 130: Reward=141, Avg(100)=80.1
Episode 140: Reward=165, Avg(100)=92.2
Episode 150: Reward=108, Avg(100)=104.8
  Evaluation: 134.5
Episode 160: Reward=190, Avg(100)=113.5
Episode 170: Reward=262, Avg(100)=128.1
Episode 180: Reward=213, Avg(100)=140.2
Episode 190: Reward=134, Avg(100)=154.7
Episode 200: Reward=143, Avg(100)=163.7
  Evaluation: 204.0
Episode 210: Reward=40, Avg(100)=170.1
Episode 220: Reward=185, Avg(100)=181.2
Episode 230: Reward=220, Avg(100)=182.3

🎉 SOLVED at episode 239! Avg reward: 195.4
Episode 240: Reward=161, Avg(100)=195.4
Episode 250: Reward=173, Avg(100)=195.3
  Evaluation: 155.5
Episode 260: Reward=70, Avg(100)=197.7
Episode 270: Reward=255, Avg(100)=195.5
Episode 280: Reward=308, Avg(100)=203.7
Episode 290: Reward=268, Avg(100)=206.8
Episode 300: Reward=212, Avg(100)=213.3
  Evaluation: 350.9
Episode 310: Reward=244, Avg(100)=218.7
Episode 320: Reward=260, Avg(100)=217.9
Episode 330: Reward=300, Avg(100)=224.7
Episode 340: Reward=135, Avg(100)=219.0
Episode 350: Reward=213, Avg(100)=228.9
  Evaluation: 217.7
Episode 360: Reward=210, Avg(100)=236.6
Episode 370: Reward=183, Avg(100)=241.3
Episode 380: Reward=149, Avg(100)=234.6
Episode 390: Reward=140, Avg(100)=231.4
Episode 400: Reward=242, Avg(100)=229.9
  Evaluation: 237.6
Episode 410: Reward=435, Avg(100)=236.0
Episode 420: Reward=484, Avg(100)=251.9
Episode 430: Reward=500, Avg(100)=267.2
Episode 440: Reward=500, Avg(100)=286.1
Episode 450: Reward=383, Avg(100)=290.0
  Evaluation: 284.7
Episode 460: Reward=142, Avg(100)=285.1
Episode 470: Reward=200, Avg(100)=280.6
Episode 480: Reward=284, Avg(100)=286.4
Episode 490: Reward=230, Avg(100)=299.1
Episode 500: Reward=194, Avg(100)=298.2
  Evaluation: 168.6

======================================================================
📊 RESULTS
======================================================================
Policy: EqProp
Best Average Reward: 299.7
Final Average Reward: 298.2
Solved: ✅ Yes
Training time: 393.5s
======================================================================

Results saved to: logs/rl/CartPole-v1_eqprop_20251229_095149.json
