Command: python train_algorithmic.py --task parity --seq-len 8 --epochs 10
Duration: 70.7s
Exit code: 0
======================================================================

======================================================================
🧮 Algorithmic Task Training: PARITY
======================================================================
Device: cuda
Task: parity (seq_len=8)
Model: d=64, heads=4
Training: 10 epochs, lr=0.002, β=0.22
Hypothesis: More iterations for more 1s?
======================================================================

Data: 10000 train, 2000 test
Input dim: 8, Classes: 2
Epoch 1/10: Train Loss: 0.7032, Train Acc: 0.5089 | Test Loss: 0.6967, Test Acc: 0.4943 | Time: 7.0s
Epoch 2/10: Train Loss: 0.6948, Train Acc: 0.5132 | Test Loss: 0.7000, Test Acc: 0.4928 | Time: 6.8s
Epoch 3/10: Train Loss: 0.6940, Train Acc: 0.5056 | Test Loss: 0.6955, Test Acc: 0.4786 | Time: 6.8s
Epoch 4/10: Train Loss: 0.6960, Train Acc: 0.5021 | Test Loss: 0.6956, Test Acc: 0.5072 | Time: 6.7s
Epoch 5/10: Train Loss: 0.6953, Train Acc: 0.5070 | Test Loss: 0.6999, Test Acc: 0.4928 | Time: 6.7s
Epoch 6/10: Train Loss: 0.6976, Train Acc: 0.4988 | Test Loss: 0.6938, Test Acc: 0.5139 | Time: 6.6s
Epoch 7/10: Train Loss: 0.6954, Train Acc: 0.5061 | Test Loss: 0.6936, Test Acc: 0.5499 | Time: 6.7s
Epoch 8/10: Train Loss: 0.6940, Train Acc: 0.5078 | Test Loss: 0.6955, Test Acc: 0.4928 | Time: 6.6s
Epoch 9/10: Train Loss: 0.6942, Train Acc: 0.4978 | Test Loss: 0.6939, Test Acc: 0.4670 | Time: 6.7s
Epoch 10/10: Train Loss: 0.6941, Train Acc: 0.5084 | Test Loss: 0.6976, Test Acc: 0.4928 | Time: 6.8s

======================================================================
📊 RESULTS
======================================================================
Best Test Accuracy: 0.5499
Final Test Accuracy: 0.4928
Results saved to: logs/algorithmic/parity_20251229_094029.json
======================================================================

