Command: python train.py --dataset svhn --epochs 3 --d-model 64 --rapid
Duration: 87.2s
Exit code: 0
======================================================================
[Rapid Mode] Loaded config from /home/me/toreq/configs/rapid_mode.yaml
======================================================================
Training TorEqProp on MNIST
======================================================================
Device: cuda
Model: d_model=64, n_heads=4, d_ff=256
Attention: linear, Symmetric: False
Beta: 0.22, LR: 0.002, Damping: 0.8
Compile: False, Wandb: False
======================================================================
Epoch 0 [0/469] Loss: 2.7098 Acc: 0.0781 Iters: 20/20
Epoch 0 [100/469] Loss: 2.1809 Acc: 0.2500 Iters: 20/20
Epoch 0 [200/469] Loss: 2.0129 Acc: 0.2656 Iters: 20/20
Epoch 0 [300/469] Loss: 1.5678 Acc: 0.4297 Iters: 20/20
Epoch 0 [400/469] Loss: 1.1455 Acc: 0.5938 Iters: 20/20

Epoch 0 Summary:
  Train Loss: 1.7521, Train Acc: 0.4236
  Test Loss: 0.9260, Test Acc: 0.7277
  Avg Iters: 20.0/20.0
  Time: 26.9s
Epoch 1 [0/469] Loss: 0.9730 Acc: 0.6719 Iters: 20/20
Epoch 1 [100/469] Loss: 0.9756 Acc: 0.6953 Iters: 20/20
Epoch 1 [200/469] Loss: 0.5361 Acc: 0.8594 Iters: 20/20
Epoch 1 [300/469] Loss: 0.6047 Acc: 0.7578 Iters: 20/20
Epoch 1 [400/469] Loss: 0.4290 Acc: 0.8906 Iters: 20/20

Epoch 1 Summary:
  Train Loss: 0.6700, Train Acc: 0.7976
  Test Loss: 0.4858, Test Acc: 0.8618
  Avg Iters: 20.0/20.0
  Time: 26.9s
Epoch 2 [0/469] Loss: 0.4792 Acc: 0.8672 Iters: 20/20
Epoch 2 [100/469] Loss: 0.4862 Acc: 0.8906 Iters: 20/20
Epoch 2 [200/469] Loss: 0.3163 Acc: 0.9297 Iters: 20/20
Epoch 2 [300/469] Loss: 0.4146 Acc: 0.8594 Iters: 20/20
Epoch 2 [400/469] Loss: 0.4531 Acc: 0.8438 Iters: 20/20

Epoch 2 Summary:
  Train Loss: 0.4351, Train Acc: 0.8758
  Test Loss: 0.3714, Test Acc: 0.8960
  Avg Iters: 20.0/20.0
  Time: 26.7s

======================================================================
Training complete! Best test accuracy: 0.8960
======================================================================
