Command: python train.py --dataset mnist --epochs 3 --d-model 64 --rapid
Duration: 116.0s
Exit code: 0
======================================================================
[Rapid Mode] Loaded config from /home/me/toreq/configs/rapid_mode.yaml
======================================================================
Training TorEqProp on MNIST
======================================================================
Device: cuda
Model: d_model=64, n_heads=4, d_ff=256
Attention: linear, Symmetric: False
Beta: 0.22, LR: 0.002, Damping: 0.8
Compile: True, Wandb: False
======================================================================
Compiling model with torch.compile...
Epoch 0 [0/469] Loss: 2.5040 Acc: 0.1094 Iters: 20/20
Epoch 0 [100/469] Loss: 2.2000 Acc: 0.2734 Iters: 20/20
Epoch 0 [200/469] Loss: 1.9330 Acc: 0.4453 Iters: 20/20
Epoch 0 [300/469] Loss: 1.2783 Acc: 0.5859 Iters: 20/20
Epoch 0 [400/469] Loss: 0.9736 Acc: 0.7031 Iters: 20/20

Epoch 0 Summary:
  Train Loss: 1.6344, Train Acc: 0.4846
  Test Loss: 0.7801, Test Acc: 0.7688
  Avg Iters: 20.0/20.0
  Time: 48.0s
Epoch 1 [0/469] Loss: 0.7817 Acc: 0.7969 Iters: 20/20
Epoch 1 [100/469] Loss: 0.6462 Acc: 0.8125 Iters: 20/20
Epoch 1 [200/469] Loss: 0.4318 Acc: 0.8984 Iters: 20/20
Epoch 1 [300/469] Loss: 0.5201 Acc: 0.8594 Iters: 20/20
Epoch 1 [400/469] Loss: 0.4765 Acc: 0.8906 Iters: 20/20

Epoch 1 Summary:
  Train Loss: 0.5767, Train Acc: 0.8305
  Test Loss: 0.4491, Test Acc: 0.8703
  Avg Iters: 20.0/20.0
  Time: 28.4s
Epoch 2 [0/469] Loss: 0.4651 Acc: 0.8438 Iters: 20/20
Epoch 2 [100/469] Loss: 0.3472 Acc: 0.8984 Iters: 20/20
Epoch 2 [200/469] Loss: 0.2447 Acc: 0.9375 Iters: 20/20
Epoch 2 [300/469] Loss: 0.4300 Acc: 0.8984 Iters: 20/20
Epoch 2 [400/469] Loss: 0.4093 Acc: 0.8438 Iters: 20/20

Epoch 2 Summary:
  Train Loss: 0.4065, Train Acc: 0.8838
  Test Loss: 0.3629, Test Acc: 0.8987
  Avg Iters: 20.0/20.0
  Time: 29.2s

======================================================================
Training complete! Best test accuracy: 0.8987
======================================================================
/home/me/.local/lib/python3.13/site-packages/torch/_inductor/compile_fx.py:236: UserWarning: TensorFloat32 tensor cores for float32 matrix multiplication available but not enabled. Consider setting `torch.set_float32_matmul_precision('high')` for better performance.
  warnings.warn(
W1229 09:24:55.853000 738346 torch/_dynamo/convert_frame.py:964] [0/8] torch._dynamo hit config.recompile_limit (8)
W1229 09:24:55.853000 738346 torch/_dynamo/convert_frame.py:964] [0/8]    function: 'inner' (/home/me/.local/lib/python3.13/site-packages/torch/_dynamo/external_utils.py:68)
W1229 09:24:55.853000 738346 torch/_dynamo/convert_frame.py:964] [0/8]    last reason: 0/7: tensor 'fn._parameters['bias']' size mismatch at index 0. expected 10, actual 64. Guard failed on a parameter, consider using torch._dynamo.config.force_parameter_static_shapes = False to allow dynamism on parameters.
W1229 09:24:55.853000 738346 torch/_dynamo/convert_frame.py:964] [0/8] To log all recompilation reasons, use TORCH_LOGS="recompiles".
W1229 09:24:55.853000 738346 torch/_dynamo/convert_frame.py:964] [0/8] To diagnose recompilation issues, see https://pytorch.org/docs/main/torch.compiler_troubleshooting.html.
