Command: python train.py --dataset mnist --epochs 1 --d-model 32 --rapid
Duration: 32.4s
Exit code: 0
======================================================================
[Rapid Mode] Loaded defaults from /home/me/toreq/configs/rapid_mode.yaml
======================================================================
Training TorEqProp on MNIST
======================================================================
Device: cuda
Model: d_model=32, n_heads=4, d_ff=256
Attention: linear, Symmetric: False
Beta: 0.22, LR: 0.002, Damping: 0.8
Compile: False, Wandb: False
======================================================================
Epoch 0 [0/469] Loss: 2.5364 Acc: 0.0781 Iters: 20/20
Epoch 0 [100/469] Loss: 2.2499 Acc: 0.1875 Iters: 20/20
Epoch 0 [200/469] Loss: 2.1691 Acc: 0.3672 Iters: 20/20
Epoch 0 [300/469] Loss: 1.8675 Acc: 0.3984 Iters: 20/20
Epoch 0 [400/469] Loss: 1.3582 Acc: 0.5547 Iters: 20/20

Epoch 0 Summary:
  Train Loss: 1.9335, Train Acc: 0.3683
  Test Loss: 1.1205, Test Acc: 0.6238
  Avg Iters: 20.0/20.0
  Time: 27.8s

======================================================================
Training complete! Best test accuracy: 0.6238
======================================================================
