Command: python train_rl.py --env CartPole-v1 --episodes 10 --max-iters 5
Duration: 3.7s
Exit code: 0
======================================================================

======================================================================
🎮 Reinforcement Learning with EqProp
======================================================================
Environment: CartPole-v1
Episodes: 10
Policy: Equilibrium Policy
======================================================================

Obs dim: 4, Action dim: 2
Episode 10: Reward=20, Avg(100)=25.5

======================================================================
📊 RESULTS
======================================================================
Policy: EqProp
Best Average Reward: 27.7
Final Average Reward: 25.5
Solved: ❌ No
Training time: 0.7s
======================================================================

Results saved to: logs/rl/CartPole-v1_eqprop_20251229_095847.json
