Command: python train_algorithmic.py --task addition --seq-len 8 --epochs 1 --max-iters 5 --n-heads 2 --d-ff 64 --d-model 32 --batch-size 32
Duration: 9.8s
Exit code: 0
======================================================================

======================================================================
🧮 Algorithmic Task Training: ADDITION
======================================================================
Device: cuda
Task: addition (seq_len=8)
Model: d=32, heads=2
Training: 1 epochs, lr=0.002, β=0.22
Hypothesis: More carries need more iterations?
======================================================================

Data: 10000 train, 2000 test
Input dim: 8, Classes: 10000
Epoch 1/1: Train Loss: 9.7851, Train Acc: 0.0001 | Test Loss: 10.0351, Test Acc: 0.0005 | Time: 6.3s

======================================================================
📊 RESULTS
======================================================================
Best Test Accuracy: 0.0005
Final Test Accuracy: 0.0005
Results saved to: logs/algorithmic/addition_20251229_101727.json
======================================================================

