Command: python train.py --dataset cifar10 --epochs 1 --d-model 32 --rapid --max-iters 5 --n-heads 2 --d-ff 64 --batch-size 32
Duration: 36.1s
Exit code: 0
======================================================================
[Rapid Mode] Loaded defaults from /home/me/toreq/configs/rapid_mode.yaml
======================================================================
Training TorEqProp on CIFAR10
======================================================================
Device: cuda
Model: d_model=32, n_heads=2, d_ff=64
Attention: linear, Symmetric: False
Beta: 0.22, LR: 0.002, Damping: 0.8
Compile: False, Wandb: False
======================================================================
Epoch 0 [0/1563] Loss: 2.4736 Acc: 0.1562 Iters: 5/5
Epoch 0 [100/1563] Loss: 2.2766 Acc: 0.1875 Iters: 5/5
Epoch 0 [200/1563] Loss: 2.1282 Acc: 0.2500 Iters: 5/5
Epoch 0 [300/1563] Loss: 2.2876 Acc: 0.1562 Iters: 5/5
Epoch 0 [400/1563] Loss: 1.9720 Acc: 0.3125 Iters: 5/5
Epoch 0 [500/1563] Loss: 2.0438 Acc: 0.2188 Iters: 5/5
Epoch 0 [600/1563] Loss: 1.9972 Acc: 0.2812 Iters: 5/5
Epoch 0 [700/1563] Loss: 2.2675 Acc: 0.2500 Iters: 5/5
Epoch 0 [800/1563] Loss: 1.8519 Acc: 0.3438 Iters: 5/5
Epoch 0 [900/1563] Loss: 1.9077 Acc: 0.2188 Iters: 5/5
Epoch 0 [1000/1563] Loss: 1.6586 Acc: 0.4688 Iters: 5/5
Epoch 0 [1100/1563] Loss: 1.8722 Acc: 0.3125 Iters: 5/5
Epoch 0 [1200/1563] Loss: 1.6453 Acc: 0.3750 Iters: 5/5
Epoch 0 [1300/1563] Loss: 1.7030 Acc: 0.4688 Iters: 5/5
Epoch 0 [1400/1563] Loss: 2.1319 Acc: 0.1875 Iters: 5/5
Epoch 0 [1500/1563] Loss: 1.8705 Acc: 0.2188 Iters: 5/5

Epoch 0 Summary:
  Train Loss: 1.9695, Train Acc: 0.2970
  Test Loss: 1.8703, Test Acc: 0.3438
  Avg Iters: 5.0/5.0
  Time: 29.3s

======================================================================
Training complete! Best test accuracy: 0.3438
======================================================================
