Command: python train.py --dataset cifar10 --epochs 3 --d-model 64 --rapid
Duration: 75.5s
Exit code: 0
======================================================================
[Rapid Mode] Loaded defaults from /home/me/toreq/configs/rapid_mode.yaml
======================================================================
Training TorEqProp on CIFAR10
======================================================================
Device: cuda
Model: d_model=64, n_heads=4, d_ff=256
Attention: linear, Symmetric: False
Beta: 0.22, LR: 0.002, Damping: 0.8
Compile: False, Wandb: False
======================================================================
Epoch 0 [0/391] Loss: 2.5762 Acc: 0.0547 Iters: 20/20
Epoch 0 [100/391] Loss: 2.0901 Acc: 0.2422 Iters: 20/20
Epoch 0 [200/391] Loss: 2.0656 Acc: 0.2109 Iters: 20/20
Epoch 0 [300/391] Loss: 2.1141 Acc: 0.2422 Iters: 20/20

Epoch 0 Summary:
  Train Loss: 2.1062, Train Acc: 0.2483
  Test Loss: 2.0476, Test Acc: 0.2492
  Avg Iters: 20.0/20.0
  Time: 23.2s
Epoch 1 [0/391] Loss: 2.0718 Acc: 0.2344 Iters: 20/20
Epoch 1 [100/391] Loss: 2.1389 Acc: 0.3125 Iters: 20/20
Epoch 1 [200/391] Loss: 1.9739 Acc: 0.3516 Iters: 20/20
Epoch 1 [300/391] Loss: 2.0296 Acc: 0.2891 Iters: 20/20

Epoch 1 Summary:
  Train Loss: 2.0063, Train Acc: 0.2922
  Test Loss: 1.9709, Test Acc: 0.3083
  Avg Iters: 20.0/20.0
  Time: 22.5s
Epoch 2 [0/391] Loss: 1.9429 Acc: 0.3047 Iters: 20/20
Epoch 2 [100/391] Loss: 2.0103 Acc: 0.2734 Iters: 20/20
Epoch 2 [200/391] Loss: 1.9286 Acc: 0.3516 Iters: 20/20
Epoch 2 [300/391] Loss: 1.8434 Acc: 0.3281 Iters: 20/20

Epoch 2 Summary:
  Train Loss: 1.9433, Train Acc: 0.3190
  Test Loss: 1.9172, Test Acc: 0.3228
  Avg Iters: 20.0/20.0
  Time: 22.0s

======================================================================
Training complete! Best test accuracy: 0.3228
======================================================================
