Command: python train.py --dataset fashion --epochs 3 --d-model 64 --rapid
Duration: 88.9s
Exit code: 0
======================================================================
[Rapid Mode] Loaded defaults from /home/me/toreq/configs/rapid_mode.yaml
======================================================================
Training TorEqProp on FASHION
======================================================================
Device: cuda
Model: d_model=64, n_heads=4, d_ff=256
Attention: linear, Symmetric: False
Beta: 0.22, LR: 0.002, Damping: 0.8
Compile: False, Wandb: False
======================================================================
Epoch 0 [0/469] Loss: 2.4515 Acc: 0.1484 Iters: 20/20
Epoch 0 [100/469] Loss: 1.6996 Acc: 0.4062 Iters: 20/20
Epoch 0 [200/469] Loss: 1.4778 Acc: 0.5312 Iters: 20/20
Epoch 0 [300/469] Loss: 1.1939 Acc: 0.6094 Iters: 20/20
Epoch 0 [400/469] Loss: 1.0657 Acc: 0.6719 Iters: 20/20

Epoch 0 Summary:
  Train Loss: 1.3838, Train Acc: 0.5249
  Test Loss: 0.9310, Test Acc: 0.6888
  Avg Iters: 20.0/20.0
  Time: 26.9s
Epoch 1 [0/469] Loss: 0.9999 Acc: 0.6484 Iters: 20/20
Epoch 1 [100/469] Loss: 0.7375 Acc: 0.7031 Iters: 20/20
Epoch 1 [200/469] Loss: 0.7014 Acc: 0.7422 Iters: 20/20
Epoch 1 [300/469] Loss: 0.7133 Acc: 0.7422 Iters: 20/20
Epoch 1 [400/469] Loss: 0.7175 Acc: 0.7656 Iters: 20/20

Epoch 1 Summary:
  Train Loss: 0.7401, Train Acc: 0.7303
  Test Loss: 0.6683, Test Acc: 0.7483
  Avg Iters: 20.0/20.0
  Time: 26.9s
Epoch 2 [0/469] Loss: 0.6234 Acc: 0.7500 Iters: 20/20
Epoch 2 [100/469] Loss: 0.6422 Acc: 0.7500 Iters: 20/20
Epoch 2 [200/469] Loss: 0.5463 Acc: 0.7891 Iters: 20/20
Epoch 2 [300/469] Loss: 0.5808 Acc: 0.7734 Iters: 20/20
Epoch 2 [400/469] Loss: 0.6069 Acc: 0.8047 Iters: 20/20

Epoch 2 Summary:
  Train Loss: 0.6136, Train Acc: 0.7787
  Test Loss: 0.6146, Test Acc: 0.7845
  Avg Iters: 20.0/20.0
  Time: 28.3s

======================================================================
Training complete! Best test accuracy: 0.7845
======================================================================
