Command: python train_rl.py --env CartPole-v1 --episodes 500 --use-bp
Duration: 42.1s
Exit code: 0
======================================================================

======================================================================
🎮 Reinforcement Learning with BP
======================================================================
Environment: CartPole-v1
Episodes: 500
Policy: BP Baseline
======================================================================

Obs dim: 4, Action dim: 2
Episode 10: Reward=30, Avg(100)=22.7
Episode 20: Reward=13, Avg(100)=20.1
Episode 30: Reward=13, Avg(100)=22.2
Episode 40: Reward=19, Avg(100)=21.9
Episode 50: Reward=19, Avg(100)=21.4
  Evaluation: 17.8
Episode 60: Reward=30, Avg(100)=21.7
Episode 70: Reward=38, Avg(100)=22.0
Episode 80: Reward=13, Avg(100)=21.7
Episode 90: Reward=23, Avg(100)=21.8
Episode 100: Reward=37, Avg(100)=23.4
  Evaluation: 21.1
Episode 110: Reward=29, Avg(100)=24.7
Episode 120: Reward=38, Avg(100)=26.2
Episode 130: Reward=13, Avg(100)=26.8
Episode 140: Reward=31, Avg(100)=28.6
Episode 150: Reward=39, Avg(100)=30.7
  Evaluation: 48.6
Episode 160: Reward=22, Avg(100)=33.6
Episode 170: Reward=29, Avg(100)=34.9
Episode 180: Reward=75, Avg(100)=38.4
Episode 190: Reward=68, Avg(100)=41.0
Episode 200: Reward=67, Avg(100)=41.8
  Evaluation: 44.2
Episode 210: Reward=28, Avg(100)=42.4
Episode 220: Reward=63, Avg(100)=44.2
Episode 230: Reward=16, Avg(100)=44.6
Episode 240: Reward=83, Avg(100)=45.4
Episode 250: Reward=12, Avg(100)=48.5
  Evaluation: 46.7
Episode 260: Reward=124, Avg(100)=49.6
Episode 270: Reward=26, Avg(100)=52.6
Episode 280: Reward=84, Avg(100)=53.8
Episode 290: Reward=151, Avg(100)=56.8
Episode 300: Reward=144, Avg(100)=60.4
  Evaluation: 72.9
Episode 310: Reward=23, Avg(100)=65.3
Episode 320: Reward=215, Avg(100)=70.5
Episode 330: Reward=120, Avg(100)=79.0
Episode 340: Reward=153, Avg(100)=86.7
Episode 350: Reward=33, Avg(100)=91.8
  Evaluation: 110.9
Episode 360: Reward=31, Avg(100)=96.3
Episode 370: Reward=64, Avg(100)=101.2
Episode 380: Reward=109, Avg(100)=108.2
Episode 390: Reward=122, Avg(100)=114.6
Episode 400: Reward=271, Avg(100)=123.8
  Evaluation: 158.7
Episode 410: Reward=126, Avg(100)=128.3
Episode 420: Reward=109, Avg(100)=134.7
Episode 430: Reward=301, Avg(100)=140.6
Episode 440: Reward=169, Avg(100)=147.4
Episode 450: Reward=247, Avg(100)=157.7
  Evaluation: 210.8
Episode 460: Reward=175, Avg(100)=164.7
Episode 470: Reward=296, Avg(100)=169.8
Episode 480: Reward=419, Avg(100)=181.4
Episode 490: Reward=298, Avg(100)=184.7
Episode 500: Reward=333, Avg(100)=188.6
  Evaluation: 260.8

======================================================================
📊 RESULTS
======================================================================
Policy: BP
Best Average Reward: 188.7
Final Average Reward: 188.6
Solved: ❌ No
Training time: 39.0s
======================================================================

Results saved to: logs/rl/CartPole-v1_bp_20251229_103449.json
