Command: python train.py --dataset cifar10 --epochs 1 --d-model 32 --rapid
Duration: 32.7s
Exit code: 0
======================================================================
[Rapid Mode] Loaded defaults from /home/me/toreq/configs/rapid_mode.yaml
======================================================================
Training TorEqProp on CIFAR10
======================================================================
Device: cuda
Model: d_model=32, n_heads=4, d_ff=256
Attention: linear, Symmetric: False
Beta: 0.22, LR: 0.002, Damping: 0.8
Compile: False, Wandb: False
======================================================================

  0%|          | 0.00/170M [00:00<?, ?B/s]
  0%|          | 229k/170M [00:00<01:31, 1.86MB/s]
  1%|▏         | 2.39M/170M [00:00<00:13, 12.4MB/s]
  6%|▌         | 10.4M/170M [00:00<00:03, 41.6MB/s]
 11%|█▏        | 19.4M/170M [00:00<00:02, 60.0MB/s]
 17%|█▋        | 28.9M/170M [00:00<00:01, 70.9MB/s]
 23%|██▎       | 38.5M/170M [00:00<00:01, 77.8MB/s]
 28%|██▊       | 48.1M/170M [00:00<00:01, 82.0MB/s]
 34%|███▎      | 57.4M/170M [00:00<00:01, 85.4MB/s]
 39%|███▉      | 66.4M/170M [00:00<00:01, 86.6MB/s]
 44%|████▍     | 75.2M/170M [00:01<00:01, 87.2MB/s]
 49%|████▉     | 84.2M/170M [00:01<00:00, 87.8MB/s]
 55%|█████▍    | 93.0M/170M [00:01<00:00, 87.6MB/s]
 60%|█████▉    | 102M/170M [00:01<00:00, 87.4MB/s] 
 65%|██████▍   | 111M/170M [00:01<00:00, 88.3MB/s]
 70%|███████   | 120M/170M [00:01<00:00, 87.8MB/s]
 75%|███████▌  | 128M/170M [00:01<00:00, 83.3MB/s]
 80%|████████  | 137M/170M [00:01<00:00, 83.1MB/s]
 85%|████████▌ | 146M/170M [00:01<00:00, 84.2MB/s]
 91%|█████████ | 154M/170M [00:01<00:00, 85.0MB/s]
 96%|█████████▌| 163M/170M [00:02<00:00, 85.4MB/s]
100%|██████████| 170M/170M [00:02<00:00, 79.2MB/s]
Epoch 0 [0/391] Loss: 2.5056 Acc: 0.1172 Iters: 20/20
Epoch 0 [100/391] Loss: 2.0895 Acc: 0.2578 Iters: 20/20
Epoch 0 [200/391] Loss: 2.0528 Acc: 0.2656 Iters: 20/20
Epoch 0 [300/391] Loss: 2.0359 Acc: 0.2500 Iters: 20/20

Epoch 0 Summary:
  Train Loss: 2.1151, Train Acc: 0.2344
  Test Loss: 2.0473, Test Acc: 0.2585
  Avg Iters: 20.0/20.0
  Time: 23.3s

======================================================================
Training complete! Best test accuracy: 0.2585
======================================================================
