Command: python train.py --dataset fashion --epochs 1 --d-model 32 --rapid
Duration: 43.8s
Exit code: 0
======================================================================
[Rapid Mode] Loaded defaults from /home/me/toreq/configs/rapid_mode.yaml
======================================================================
Training TorEqProp on FASHION
======================================================================
Device: cuda
Model: d_model=32, n_heads=4, d_ff=256
Attention: linear, Symmetric: False
Beta: 0.22, LR: 0.002, Damping: 0.8
Compile: False, Wandb: False
======================================================================

  0%|          | 0.00/26.4M [00:00<?, ?B/s]
  0%|          | 32.8k/26.4M [00:00<01:23, 317kB/s]
  0%|          | 65.5k/26.4M [00:00<01:23, 315kB/s]
  0%|          | 131k/26.4M [00:00<00:57, 457kB/s] 
  1%|          | 229k/26.4M [00:00<00:40, 647kB/s]
  2%|▏         | 459k/26.4M [00:00<00:29, 886kB/s]
  3%|▎         | 688k/26.4M [00:00<00:20, 1.25MB/s]
  3%|▎         | 852k/26.4M [00:00<00:19, 1.34MB/s]
  5%|▍         | 1.28M/26.4M [00:00<00:11, 2.12MB/s]
  6%|▌         | 1.61M/26.4M [00:01<00:10, 2.42MB/s]
  7%|▋         | 1.93M/26.4M [00:01<00:09, 2.63MB/s]
  9%|▊         | 2.26M/26.4M [00:01<00:08, 2.78MB/s]
 10%|▉         | 2.62M/26.4M [00:01<00:08, 2.97MB/s]
 11%|█         | 2.95M/26.4M [00:01<00:07, 3.03MB/s]
 13%|█▎        | 3.31M/26.4M [00:01<00:07, 3.15MB/s]
 14%|█▍        | 3.67M/26.4M [00:01<00:07, 3.24MB/s]
 15%|█▌        | 4.03M/26.4M [00:01<00:06, 3.31MB/s]
 17%|█▋        | 4.39M/26.4M [00:01<00:06, 3.35MB/s]
 18%|█▊        | 4.78M/26.4M [00:01<00:06, 3.48MB/s]
 19%|█▉        | 5.14M/26.4M [00:02<00:06, 3.47MB/s]
 21%|██        | 5.54M/26.4M [00:02<00:05, 3.56MB/s]
 22%|██▏       | 5.93M/26.4M [00:02<00:05, 3.62MB/s]
 24%|██▍       | 6.32M/26.4M [00:02<00:05, 3.67MB/s]
 25%|██▌       | 6.72M/26.4M [00:02<00:05, 3.70MB/s]
 27%|██▋       | 7.11M/26.4M [00:02<00:05, 3.72MB/s]
 28%|██▊       | 7.50M/26.4M [00:02<00:05, 3.73MB/s]
 30%|███       | 7.93M/26.4M [00:02<00:04, 3.84MB/s]
 32%|███▏      | 8.32M/26.4M [00:02<00:04, 3.82MB/s]
 33%|███▎      | 8.75M/26.4M [00:03<00:04, 3.89MB/s]
 35%|███▍      | 9.18M/26.4M [00:03<00:04, 3.95MB/s]
 36%|███▋      | 9.60M/26.4M [00:03<00:04, 3.99MB/s]
 38%|███▊      | 10.0M/26.4M [00:03<00:04, 4.01MB/s]
 40%|███▉      | 10.5M/26.4M [00:03<00:03, 4.03MB/s]
 41%|████      | 10.9M/26.4M [00:03<00:03, 4.04MB/s]
 43%|████▎     | 11.3M/26.4M [00:03<00:03, 4.06MB/s]
 44%|████▍     | 11.7M/26.4M [00:03<00:03, 4.07MB/s]
 46%|████▌     | 12.2M/26.4M [00:03<00:03, 4.08MB/s]
 48%|████▊     | 12.6M/26.4M [00:03<00:03, 4.08MB/s]
 49%|████▉     | 13.0M/26.4M [00:04<00:03, 4.09MB/s]
 51%|█████     | 13.5M/26.4M [00:04<00:03, 4.17MB/s]
 53%|█████▎    | 13.9M/26.4M [00:04<00:03, 4.15MB/s]
 54%|█████▍    | 14.4M/26.4M [00:04<00:02, 4.21MB/s]
 56%|█████▌    | 14.8M/26.4M [00:04<00:02, 4.18MB/s]
 58%|█████▊    | 15.2M/26.4M [00:04<00:02, 4.24MB/s]
 59%|█████▉    | 15.7M/26.4M [00:04<00:02, 4.21MB/s]
 61%|██████    | 16.1M/26.4M [00:04<00:02, 4.25MB/s]
 63%|██████▎   | 16.6M/26.4M [00:04<00:02, 4.29MB/s]
 64%|██████▍   | 17.0M/26.4M [00:05<00:02, 4.32MB/s]
 66%|██████▌   | 17.5M/26.4M [00:05<00:02, 4.32MB/s]
 68%|██████▊   | 18.0M/26.4M [00:05<00:01, 4.34MB/s]
 70%|██████▉   | 18.4M/26.4M [00:05<00:01, 4.35MB/s]
 71%|███████▏  | 18.9M/26.4M [00:05<00:01, 4.36MB/s]
 73%|███████▎  | 19.3M/26.4M [00:05<00:01, 4.37MB/s]
 75%|███████▍  | 19.8M/26.4M [00:05<00:01, 4.33MB/s]
 77%|███████▋  | 20.3M/26.4M [00:05<00:01, 4.35MB/s]
 78%|███████▊  | 20.7M/26.4M [00:05<00:01, 4.36MB/s]
 80%|████████  | 21.2M/26.4M [00:05<00:01, 4.37MB/s]
 82%|████████▏ | 21.6M/26.4M [00:06<00:01, 4.38MB/s]
 84%|████████▎ | 22.1M/26.4M [00:06<00:00, 4.38MB/s]
 85%|████████▌ | 22.5M/26.4M [00:06<00:00, 4.39MB/s]
 87%|████████▋ | 23.0M/26.4M [00:06<00:00, 4.39MB/s]
 89%|████████▉ | 23.5M/26.4M [00:06<00:00, 4.38MB/s]
 91%|█████████ | 23.9M/26.4M [00:06<00:00, 4.38MB/s]
 92%|█████████▏| 24.4M/26.4M [00:06<00:00, 4.39MB/s]
 94%|█████████▍| 24.8M/26.4M [00:06<00:00, 4.37MB/s]
 96%|█████████▌| 25.3M/26.4M [00:06<00:00, 4.38MB/s]
 97%|█████████▋| 25.8M/26.4M [00:07<00:00, 4.38MB/s]
 99%|█████████▉| 26.2M/26.4M [00:07<00:00, 4.39MB/s]
100%|██████████| 26.4M/26.4M [00:07<00:00, 3.71MB/s]

  0%|          | 0.00/29.5k [00:00<?, ?B/s]
100%|██████████| 29.5k/29.5k [00:00<00:00, 297kB/s]

  0%|          | 0.00/4.42M [00:00<?, ?B/s]
  1%|▏         | 65.5k/4.42M [00:00<00:13, 332kB/s]
  5%|▌         | 229k/4.42M [00:00<00:06, 626kB/s] 
 13%|█▎        | 557k/4.42M [00:00<00:02, 1.42MB/s]
 18%|█▊        | 786k/4.42M [00:00<00:02, 1.30MB/s]
 36%|███▌      | 1.57M/4.42M [00:00<00:01, 2.35MB/s]
 52%|█████▏    | 2.29M/4.42M [00:00<00:00, 3.43MB/s]
 62%|██████▏   | 2.72M/4.42M [00:01<00:00, 2.47MB/s]
 76%|███████▌  | 3.34M/4.42M [00:01<00:00, 2.70MB/s]
 85%|████████▌ | 3.77M/4.42M [00:01<00:00, 2.99MB/s]
 93%|█████████▎| 4.13M/4.42M [00:01<00:00, 3.12MB/s]
100%|██████████| 4.42M/4.42M [00:01<00:00, 2.49MB/s]

  0%|          | 0.00/5.15k [00:00<?, ?B/s]
100%|██████████| 5.15k/5.15k [00:00<00:00, 26.7MB/s]
Epoch 0 [0/469] Loss: 2.6208 Acc: 0.1094 Iters: 20/20
Epoch 0 [100/469] Loss: 1.7969 Acc: 0.4375 Iters: 20/20
Epoch 0 [200/469] Loss: 1.3959 Acc: 0.5078 Iters: 20/20
Epoch 0 [300/469] Loss: 1.2339 Acc: 0.6250 Iters: 20/20
Epoch 0 [400/469] Loss: 1.2647 Acc: 0.5547 Iters: 20/20

Epoch 0 Summary:
  Train Loss: 1.4942, Train Acc: 0.4812
  Test Loss: 1.0677, Test Acc: 0.6475
  Avg Iters: 20.0/20.0
  Time: 27.8s

======================================================================
Training complete! Best test accuracy: 0.6475
======================================================================
