Command: python train_algorithmic.py --task parity --seq-len 8 --epochs 10
Duration: 72.8s
Exit code: 0
======================================================================

======================================================================
🧮 Algorithmic Task Training: PARITY
======================================================================
Device: cuda
Task: parity (seq_len=8)
Model: d=64, heads=4
Training: 10 epochs, lr=0.002, β=0.22
Hypothesis: More iterations for more 1s?
======================================================================

Data: 10000 train, 2000 test
Input dim: 8, Classes: 2
Epoch 1/10: Train Loss: 0.7106, Train Acc: 0.5099 | Test Loss: 0.6957, Test Acc: 0.4400 | Time: 7.2s
Epoch 2/10: Train Loss: 0.6966, Train Acc: 0.5089 | Test Loss: 0.6974, Test Acc: 0.4959 | Time: 6.9s
Epoch 3/10: Train Loss: 0.6947, Train Acc: 0.5118 | Test Loss: 0.7007, Test Acc: 0.4928 | Time: 7.0s
Epoch 4/10: Train Loss: 0.6953, Train Acc: 0.5061 | Test Loss: 0.6942, Test Acc: 0.4878 | Time: 7.1s
Epoch 5/10: Train Loss: 0.6938, Train Acc: 0.5134 | Test Loss: 0.6982, Test Acc: 0.4928 | Time: 6.9s
Epoch 6/10: Train Loss: 0.6964, Train Acc: 0.4996 | Test Loss: 0.6942, Test Acc: 0.4921 | Time: 7.0s
Epoch 7/10: Train Loss: 0.6939, Train Acc: 0.5019 | Test Loss: 0.6942, Test Acc: 0.5062 | Time: 6.9s
Epoch 8/10: Train Loss: 0.6950, Train Acc: 0.5147 | Test Loss: 0.6965, Test Acc: 0.4928 | Time: 6.8s
Epoch 9/10: Train Loss: 0.6946, Train Acc: 0.5085 | Test Loss: 0.6941, Test Acc: 0.4807 | Time: 6.8s
Epoch 10/10: Train Loss: 0.6946, Train Acc: 0.5156 | Test Loss: 0.6945, Test Acc: 0.5060 | Time: 6.9s

======================================================================
📊 RESULTS
======================================================================
Best Test Accuracy: 0.5062
Final Test Accuracy: 0.5060
Results saved to: logs/algorithmic/parity_20251229_092037.json
======================================================================

