
======================================================================
🔬 TorEqProp Discovery Campaign
======================================================================
⏰ Started: 2025-12-29 09:22:06
📊 Experiments: 10
⏱️  Estimated time: 77 minutes (1.3 hours)
💾 Output: logs/discovery/20251229_092206

📋 Experiments to run:
  1. [classification ] MNIST Rapid                    (HIGH  ) ~5min
  2. [classification ] Fashion Rapid                  (HIGH  ) ~5min
  3. [classification ] CIFAR-10 Rapid                 (HIGH  ) ~8min
  4. [classification ] SVHN Rapid                     (MEDIUM) ~8min
  5. [  algorithmic  ] Parity N=8                     (HIGH  ) ~5min
  6. [  algorithmic  ] Parity N=12                    (MEDIUM) ~8min
  7. [  algorithmic  ] Copy Task                      (MEDIUM) ~3min
  8. [  algorithmic  ] Addition 4-digit               (HIGH  ) ~10min
  9. [      rl       ] CartPole EqProp                (HIGH  ) ~15min
  10. [      rl       ] CartPole BP                    (HIGH  ) ~10min

🚀 Starting experiments in 2 seconds...

======================================================================
📍 Progress: [1/10] (0% complete)
⏰ Elapsed: 0.0min | Remaining: ~77min
======================================================================

🚀 [09:22:08] Starting: MNIST Rapid
   📂 Category: classification
   ⚡ Priority: HIGH
   ⏱️  Expected: ~5 min
   🔬 Hypothesis: Baseline validation
   💻 Command: python train.py --dataset mnist --epochs 3 --d-model 64 --rapid
   🏃 Running...

⚠️ [09:22:16] MNIST Rapid [ERROR]
   ⏰ Duration: 7.2s (0.1min)
   💡 Exit code: 1
   📄 Log: logs/discovery/20251229_092206/mnist_rapid.log

======================================================================
📍 Progress: [2/10] (10% complete)
⏰ Elapsed: 0.2min | Remaining: ~77min
======================================================================

🚀 [09:22:16] Starting: Fashion Rapid
   📂 Category: classification
   ⚡ Priority: HIGH
   ⏱️  Expected: ~5 min
   🔬 Hypothesis: Harder than MNIST
   💻 Command: python train.py --dataset fashion --epochs 3 --d-model 64 --rapid
   🏃 Running...

⚠️ [09:22:23] Fashion Rapid [ERROR]
   ⏰ Duration: 7.4s (0.1min)
   💡 Exit code: 1
   📄 Log: logs/discovery/20251229_092206/fashion_rapid.log

======================================================================
📍 Progress: [3/10] (20% complete)
⏰ Elapsed: 0.3min | Remaining: ~77min
======================================================================

🚀 [09:22:23] Starting: CIFAR-10 Rapid
   📂 Category: classification
   ⚡ Priority: HIGH
   ⏱️  Expected: ~8 min
   🔬 Hypothesis: Complexity jump
   💻 Command: python train.py --dataset cifar10 --epochs 3 --d-model 64 --rapid
   🏃 Running...
