Command: python train_rl.py --env CartPole-v1 --episodes 10 --use-bp --max-iters 5
Duration: 3.4s
Exit code: 0
======================================================================

======================================================================
🎮 Reinforcement Learning with BP
======================================================================
Environment: CartPole-v1
Episodes: 10
Policy: BP Baseline
======================================================================

Obs dim: 4, Action dim: 2
Episode 10: Reward=38, Avg(100)=20.7

======================================================================
📊 RESULTS
======================================================================
Policy: BP
Best Average Reward: 25.5
Final Average Reward: 20.7
Solved: ❌ No
Training time: 0.4s
======================================================================

Results saved to: logs/rl/CartPole-v1_bp_20251229_101735.json
