Command: python train_rl.py --env CartPole-v1 --episodes 10 --max-iters 5
Duration: 3.8s
Exit code: 0
======================================================================

======================================================================
🎮 Reinforcement Learning with EqProp
======================================================================
Environment: CartPole-v1
Episodes: 10
Policy: Equilibrium Policy
======================================================================

Obs dim: 4, Action dim: 2
Episode 10: Reward=24, Avg(100)=29.4

======================================================================
📊 RESULTS
======================================================================
Policy: EqProp
Best Average Reward: 31.8
Final Average Reward: 29.4
Solved: ❌ No
Training time: 0.7s
======================================================================

Results saved to: logs/rl/CartPole-v1_eqprop_20251229_101731.json
