Command: python train.py --dataset fashion --epochs 1 --d-model 32 --rapid --max-iters 5 --n-heads 2 --d-ff 64 --batch-size 32
Duration: 40.0s
Exit code: 0
======================================================================
[Rapid Mode] Loaded defaults from /home/me/toreq/configs/rapid_mode.yaml
======================================================================
Training TorEqProp on FASHION
======================================================================
Device: cuda
Model: d_model=32, n_heads=2, d_ff=64
Attention: linear, Symmetric: False
Beta: 0.22, LR: 0.002, Damping: 0.8
Compile: False, Wandb: False
======================================================================
Epoch 0 [0/1875] Loss: 2.3941 Acc: 0.0312 Iters: 5/5
Epoch 0 [100/1875] Loss: 1.6319 Acc: 0.4062 Iters: 5/5
Epoch 0 [200/1875] Loss: 1.3397 Acc: 0.3438 Iters: 5/5
Epoch 0 [300/1875] Loss: 1.1775 Acc: 0.6875 Iters: 5/5
Epoch 0 [400/1875] Loss: 1.2738 Acc: 0.5938 Iters: 5/5
Epoch 0 [500/1875] Loss: 1.0493 Acc: 0.6562 Iters: 5/5
Epoch 0 [600/1875] Loss: 0.9556 Acc: 0.8125 Iters: 5/5
Epoch 0 [700/1875] Loss: 0.7350 Acc: 0.7812 Iters: 5/5
Epoch 0 [800/1875] Loss: 0.8702 Acc: 0.8125 Iters: 5/5
Epoch 0 [900/1875] Loss: 0.7585 Acc: 0.7500 Iters: 5/5
Epoch 0 [1000/1875] Loss: 1.0433 Acc: 0.6250 Iters: 5/5
Epoch 0 [1100/1875] Loss: 0.7265 Acc: 0.7812 Iters: 5/5
Epoch 0 [1200/1875] Loss: 0.7676 Acc: 0.7500 Iters: 5/5
Epoch 0 [1300/1875] Loss: 0.7784 Acc: 0.7812 Iters: 5/5
Epoch 0 [1400/1875] Loss: 0.6681 Acc: 0.7812 Iters: 5/5
Epoch 0 [1500/1875] Loss: 0.8604 Acc: 0.7812 Iters: 5/5
Epoch 0 [1600/1875] Loss: 0.8707 Acc: 0.7188 Iters: 5/5
Epoch 0 [1700/1875] Loss: 0.7187 Acc: 0.7500 Iters: 5/5
Epoch 0 [1800/1875] Loss: 0.6788 Acc: 0.7500 Iters: 5/5

Epoch 0 Summary:
  Train Loss: 0.9405, Train Acc: 0.7089
  Test Loss: 0.6696, Test Acc: 0.7882
  Avg Iters: 5.0/5.0
  Time: 34.6s

======================================================================
Training complete! Best test accuracy: 0.7882
======================================================================
