Command: python train.py --dataset svhn --epochs 1 --d-model 32 --rapid --max-iters 5 --n-heads 2 --d-ff 64 --batch-size 32
Duration: 53.4s
Exit code: 0
======================================================================
[Rapid Mode] Loaded defaults from /home/me/toreq/configs/rapid_mode.yaml
======================================================================
Training TorEqProp on SVHN
======================================================================
Device: cuda
Model: d_model=32, n_heads=2, d_ff=64
Attention: linear, Symmetric: False
Beta: 0.22, LR: 0.002, Damping: 0.8
Compile: False, Wandb: False
======================================================================
Epoch 0 [0/2290] Loss: 2.4557 Acc: 0.1250 Iters: 5/5
Epoch 0 [100/2290] Loss: 2.2371 Acc: 0.2188 Iters: 5/5
Epoch 0 [200/2290] Loss: 2.2921 Acc: 0.1875 Iters: 5/5
Epoch 0 [300/2290] Loss: 2.2477 Acc: 0.0938 Iters: 5/5
Epoch 0 [400/2290] Loss: 2.3249 Acc: 0.1250 Iters: 5/5
Epoch 0 [500/2290] Loss: 2.1677 Acc: 0.2812 Iters: 5/5
Epoch 0 [600/2290] Loss: 2.1878 Acc: 0.2812 Iters: 5/5
Epoch 0 [700/2290] Loss: 2.2063 Acc: 0.1562 Iters: 5/5
Epoch 0 [800/2290] Loss: 2.2913 Acc: 0.1875 Iters: 5/5
Epoch 0 [900/2290] Loss: 2.2612 Acc: 0.2188 Iters: 5/5
Epoch 0 [1000/2290] Loss: 2.1258 Acc: 0.2812 Iters: 5/5
Epoch 0 [1100/2290] Loss: 2.2878 Acc: 0.1562 Iters: 5/5
Epoch 0 [1200/2290] Loss: 2.2749 Acc: 0.1875 Iters: 5/5
Epoch 0 [1300/2290] Loss: 2.2883 Acc: 0.1250 Iters: 5/5
Epoch 0 [1400/2290] Loss: 2.2173 Acc: 0.2500 Iters: 5/5
Epoch 0 [1500/2290] Loss: 2.1846 Acc: 0.1875 Iters: 5/5
Epoch 0 [1600/2290] Loss: 2.1881 Acc: 0.1875 Iters: 5/5
Epoch 0 [1700/2290] Loss: 2.2616 Acc: 0.2188 Iters: 5/5
Epoch 0 [1800/2290] Loss: 2.2751 Acc: 0.1875 Iters: 5/5
Epoch 0 [1900/2290] Loss: 2.1630 Acc: 0.2812 Iters: 5/5
Epoch 0 [2000/2290] Loss: 2.2691 Acc: 0.2188 Iters: 5/5
Epoch 0 [2100/2290] Loss: 2.1364 Acc: 0.2500 Iters: 5/5
Epoch 0 [2200/2290] Loss: 2.3440 Acc: 0.0938 Iters: 5/5

Epoch 0 Summary:
  Train Loss: 2.2468, Train Acc: 0.1859
  Test Loss: 2.2287, Test Acc: 0.1958
  Avg Iters: 5.0/5.0
  Time: 43.0s

======================================================================
Training complete! Best test accuracy: 0.1958
======================================================================
