Command: python train_algorithmic.py --task copy --seq-len 8 --epochs 1 --max-iters 5 --n-heads 2 --d-ff 64 --d-model 32 --batch-size 32
Duration: 9.8s
Exit code: 0
======================================================================

======================================================================
🧮 Algorithmic Task Training: COPY
======================================================================
Device: cuda
Task: copy (seq_len=8)
Model: d=32, heads=2
Training: 1 epochs, lr=0.002, β=0.22
Hypothesis: Should converge quickly
======================================================================

Data: 10000 train, 2000 test
Input dim: 80, Classes: 10
Epoch 1/1: Train Loss: 2.3167, Train Acc: 0.1219 | Test Loss: 2.2847, Test Acc: 0.0942 | Time: 6.5s

======================================================================
📊 RESULTS
======================================================================
Best Test Accuracy: 0.0942
Final Test Accuracy: 0.0942
Results saved to: logs/algorithmic/copy_20251229_101128.json
======================================================================

