Command: python train.py --dataset fashion --epochs 1 --d-model 32 --rapid --max-iters 5 --n-heads 2 --d-ff 64 --batch-size 32
Duration: 40.1s
Exit code: 0
======================================================================
[Rapid Mode] Loaded defaults from /home/me/toreq/configs/rapid_mode.yaml
======================================================================
Training TorEqProp on FASHION
======================================================================
Device: cuda
Model: d_model=32, n_heads=2, d_ff=64
Attention: linear, Symmetric: False
Beta: 0.22, LR: 0.002, Damping: 0.8
Compile: False, Wandb: False
======================================================================
Epoch 0 [0/1875] Loss: 2.5288 Acc: 0.0625 Iters: 5/5
Epoch 0 [100/1875] Loss: 2.1061 Acc: 0.1875 Iters: 5/5
Epoch 0 [200/1875] Loss: 1.4231 Acc: 0.5312 Iters: 5/5
Epoch 0 [300/1875] Loss: 1.0671 Acc: 0.6562 Iters: 5/5
Epoch 0 [400/1875] Loss: 1.0238 Acc: 0.6875 Iters: 5/5
Epoch 0 [500/1875] Loss: 1.0062 Acc: 0.7188 Iters: 5/5
Epoch 0 [600/1875] Loss: 0.8376 Acc: 0.7500 Iters: 5/5
Epoch 0 [700/1875] Loss: 0.8394 Acc: 0.7188 Iters: 5/5
Epoch 0 [800/1875] Loss: 1.1283 Acc: 0.5938 Iters: 5/5
Epoch 0 [900/1875] Loss: 1.2187 Acc: 0.5938 Iters: 5/5
Epoch 0 [1000/1875] Loss: 0.9468 Acc: 0.7188 Iters: 5/5
Epoch 0 [1100/1875] Loss: 0.6452 Acc: 0.8125 Iters: 5/5
Epoch 0 [1200/1875] Loss: 0.6369 Acc: 0.8438 Iters: 5/5
Epoch 0 [1300/1875] Loss: 0.6543 Acc: 0.7188 Iters: 5/5
Epoch 0 [1400/1875] Loss: 0.9280 Acc: 0.6562 Iters: 5/5
Epoch 0 [1500/1875] Loss: 0.6554 Acc: 0.7188 Iters: 5/5
Epoch 0 [1600/1875] Loss: 0.8427 Acc: 0.7188 Iters: 5/5
Epoch 0 [1700/1875] Loss: 0.6397 Acc: 0.8125 Iters: 5/5
Epoch 0 [1800/1875] Loss: 0.5531 Acc: 0.8750 Iters: 5/5

Epoch 0 Summary:
  Train Loss: 1.0041, Train Acc: 0.6669
  Test Loss: 0.6485, Test Acc: 0.7816
  Avg Iters: 5.0/5.0
  Time: 34.7s

======================================================================
Training complete! Best test accuracy: 0.7816
======================================================================
