Command: python train.py --dataset mnist --epochs 1 --d-model 32 --rapid --max-iters 5 --n-heads 2 --d-ff 64 --batch-size 32
Duration: 41.4s
Exit code: 0
======================================================================
[Rapid Mode] Loaded defaults from /home/me/toreq/configs/rapid_mode.yaml
======================================================================
Training TorEqProp on MNIST
======================================================================
Device: cuda
Model: d_model=32, n_heads=2, d_ff=64
Attention: linear, Symmetric: False
Beta: 0.22, LR: 0.002, Damping: 0.8
Compile: False, Wandb: False
======================================================================
Epoch 0 [0/1875] Loss: 2.6512 Acc: 0.0938 Iters: 5/5
Epoch 0 [100/1875] Loss: 2.1705 Acc: 0.3750 Iters: 5/5
Epoch 0 [200/1875] Loss: 1.3117 Acc: 0.6875 Iters: 5/5
Epoch 0 [300/1875] Loss: 1.3967 Acc: 0.5625 Iters: 5/5
Epoch 0 [400/1875] Loss: 1.3630 Acc: 0.5938 Iters: 5/5
Epoch 0 [500/1875] Loss: 0.8379 Acc: 0.8750 Iters: 5/5
Epoch 0 [600/1875] Loss: 0.9553 Acc: 0.7812 Iters: 5/5
Epoch 0 [700/1875] Loss: 0.6324 Acc: 0.9375 Iters: 5/5
Epoch 0 [800/1875] Loss: 0.6561 Acc: 0.9375 Iters: 5/5
Epoch 0 [900/1875] Loss: 0.8029 Acc: 0.7812 Iters: 5/5
Epoch 0 [1000/1875] Loss: 0.7775 Acc: 0.7500 Iters: 5/5
Epoch 0 [1100/1875] Loss: 0.5753 Acc: 0.8125 Iters: 5/5
Epoch 0 [1200/1875] Loss: 0.5781 Acc: 0.9062 Iters: 5/5
Epoch 0 [1300/1875] Loss: 0.5035 Acc: 1.0000 Iters: 5/5
Epoch 0 [1400/1875] Loss: 0.6403 Acc: 0.7812 Iters: 5/5
Epoch 0 [1500/1875] Loss: 0.3279 Acc: 0.9688 Iters: 5/5
Epoch 0 [1600/1875] Loss: 0.4312 Acc: 0.9375 Iters: 5/5
Epoch 0 [1700/1875] Loss: 0.5242 Acc: 0.9375 Iters: 5/5
Epoch 0 [1800/1875] Loss: 0.5250 Acc: 0.9062 Iters: 5/5

Epoch 0 Summary:
  Train Loss: 0.9133, Train Acc: 0.7641
  Test Loss: 0.4974, Test Acc: 0.8969
  Avg Iters: 5.0/5.0
  Time: 35.8s

======================================================================
Training complete! Best test accuracy: 0.8969
======================================================================
