======================================================================
Training TorEqProp on MNIST
======================================================================
Device: cuda
Model: d_model=256, n_heads=8, d_ff=1024
Attention: linear, Symmetric: False
Beta: 0.2, LR: 0.002, Damping: 0.8
Compile: True, Wandb: False
======================================================================
Compiling model with torch.compile...
Epoch 0 [0/469] Loss: 2.9512 Acc: 0.1641 Iters: 50/50
Epoch 0 [100/469] Loss: 2.2760 Acc: 0.1797 Iters: 50/50
Traceback (most recent call last):
  File "/home/me/toreq/train.py", line 257, in <module>
    main()
    ~~~~^^
  File "/home/me/toreq/train.py", line 219, in main
    train_metrics = train_epoch(trainer, embedding, train_loader, config, epoch)
  File "/home/me/toreq/train.py", line 98, in train_epoch
    metrics = trainer.train_step(x_emb, target)
  File "/home/me/toreq/src/trainer.py", line 114, in train_step
    h_nudged, iters_nudged = self._solve_nudged_equilibrium(h_free, x, y)
                             ~~~~~~~~~~~~~~~~~~~~~~~~~~~~~~^^^^^^^^^^^^^^
  File "/home/me/toreq/src/trainer.py", line 146, in _solve_nudged_equilibrium
    h_nudged, iters = self.solver.solve(nudged_dynamics, h_free.detach(), x)
                      ~~~~~~~~~~~~~~~~~^^^^^^^^^^^^^^^^^^^^^^^^^^^^^^^^^^^^^
  File "/home/me/toreq/src/solver.py", line 43, in solve
    fx = f(h, x)
  File "/home/me/toreq/src/trainer.py", line 142, in nudged_dynamics
    grads = torch.autograd.grad(loss, h_new, create_graph=True,
            ~~~~~~~~~~~~~~~~~~~^^^^^^^^^^^^^^^^^^^^^^^^^^^^^^^^
                               retain_graph=True)[0]
                               ^^^^^^^^^^^^^^^^^^
  File "/home/me/.local/lib/python3.13/site-packages/torch/autograd/__init__.py", line 502, in grad
    result = _engine_run_backward(
        outputs,
    ...<5 lines>...
        accumulate_grad=False,
    )
  File "/home/me/.local/lib/python3.13/site-packages/torch/autograd/graph.py", line 824, in _engine_run_backward
    return Variable._execution_engine.run_backward(  # Calls into the C++ engine to run the backward pass
           ~~~~~~~~~~~~~~~~~~~~~~~~~~~~~~~~~~~~~~~^^^^^^^^^^^^^^^^^^^^^^^^^^^^^^^^^^^^^^^^^^^^^^^^^^^^^^^
        t_outputs, *args, **kwargs
        ^^^^^^^^^^^^^^^^^^^^^^^^^^
    )  # Calls into the C++ engine to run the backward pass
    ^
KeyboardInterrupt
