Command: python train_algorithmic.py --task addition --seq-len 8 --epochs 20
Duration: 139.2s
Exit code: 0
======================================================================

======================================================================
🧮 Algorithmic Task Training: ADDITION
======================================================================
Device: cuda
Task: addition (seq_len=8)
Model: d=64, heads=4
Training: 20 epochs, lr=0.002, β=0.22
Hypothesis: More carries need more iterations?
======================================================================

Data: 10000 train, 2000 test
Input dim: 8, Classes: 10000
Epoch 1/20: Train Loss: 9.8682, Train Acc: 0.0003 | Test Loss: 10.0816, Test Acc: 0.0005 | Time: 7.1s
Epoch 2/20: Train Loss: 8.9790, Train Acc: 0.0004 | Test Loss: 10.3759, Test Acc: 0.0000 | Time: 6.9s
Epoch 3/20: Train Loss: 8.8837, Train Acc: 0.0001 | Test Loss: 10.5811, Test Acc: 0.0000 | Time: 6.8s
Epoch 4/20: Train Loss: 8.8549, Train Acc: 0.0002 | Test Loss: 10.7666, Test Acc: 0.0000 | Time: 6.6s
Epoch 5/20: Train Loss: 8.8394, Train Acc: 0.0005 | Test Loss: 10.8338, Test Acc: 0.0000 | Time: 6.6s
Epoch 6/20: Train Loss: 8.8227, Train Acc: 0.0002 | Test Loss: 10.8979, Test Acc: 0.0000 | Time: 6.6s
Epoch 7/20: Train Loss: 8.7978, Train Acc: 0.0003 | Test Loss: 10.9966, Test Acc: 0.0000 | Time: 6.6s
Epoch 8/20: Train Loss: 8.7741, Train Acc: 0.0007 | Test Loss: 10.9791, Test Acc: 0.0000 | Time: 6.6s
Epoch 9/20: Train Loss: 8.7443, Train Acc: 0.0005 | Test Loss: 11.1394, Test Acc: 0.0000 | Time: 6.7s
Epoch 10/20: Train Loss: 8.6876, Train Acc: 0.0002 | Test Loss: 11.0887, Test Acc: 0.0000 | Time: 6.7s
Epoch 11/20: Train Loss: 8.5866, Train Acc: 0.0011 | Test Loss: 11.0993, Test Acc: 0.0000 | Time: 6.7s
Epoch 12/20: Train Loss: 8.4332, Train Acc: 0.0011 | Test Loss: 11.1860, Test Acc: 0.0000 | Time: 6.7s
Epoch 13/20: Train Loss: 8.2402, Train Acc: 0.0020 | Test Loss: 11.1602, Test Acc: 0.0000 | Time: 6.7s
Epoch 14/20: Train Loss: 7.9909, Train Acc: 0.0030 | Test Loss: 11.3116, Test Acc: 0.0000 | Time: 6.8s
Epoch 15/20: Train Loss: 7.7195, Train Acc: 0.0048 | Test Loss: 11.5878, Test Acc: 0.0000 | Time: 6.8s
Epoch 16/20: Train Loss: 7.5366, Train Acc: 0.0063 | Test Loss: 11.6111, Test Acc: 0.0000 | Time: 6.7s
Epoch 17/20: Train Loss: 7.3499, Train Acc: 0.0062 | Test Loss: 11.8522, Test Acc: 0.0000 | Time: 6.9s
Epoch 18/20: Train Loss: 7.1544, Train Acc: 0.0125 | Test Loss: 11.9950, Test Acc: 0.0000 | Time: 7.1s
Epoch 19/20: Train Loss: 7.1004, Train Acc: 0.0110 | Test Loss: 12.0459, Test Acc: 0.0000 | Time: 7.2s
Epoch 20/20: Train Loss: 7.0068, Train Acc: 0.0162 | Test Loss: 12.3361, Test Acc: 0.0000 | Time: 7.1s

======================================================================
📊 RESULTS
======================================================================
Best Test Accuracy: 0.0005
Final Test Accuracy: 0.0000
Results saved to: logs/algorithmic/addition_20251229_094512.json
======================================================================

