Command: python train.py --dataset cifar10 --epochs 3 --d-model 64 --rapid
Duration: 87.6s
Exit code: 0
======================================================================
[Rapid Mode] Loaded config from /home/me/toreq/configs/rapid_mode.yaml
======================================================================
Training TorEqProp on MNIST
======================================================================
Device: cuda
Model: d_model=64, n_heads=4, d_ff=256
Attention: linear, Symmetric: False
Beta: 0.22, LR: 0.002, Damping: 0.8
Compile: False, Wandb: False
======================================================================
Epoch 0 [0/469] Loss: 2.5914 Acc: 0.0859 Iters: 20/20
Epoch 0 [100/469] Loss: 2.2016 Acc: 0.1250 Iters: 20/20
Epoch 0 [200/469] Loss: 2.0098 Acc: 0.3516 Iters: 20/20
Epoch 0 [300/469] Loss: 1.3825 Acc: 0.6016 Iters: 20/20
Epoch 0 [400/469] Loss: 0.9674 Acc: 0.6875 Iters: 20/20

Epoch 0 Summary:
  Train Loss: 1.6651, Train Acc: 0.4789
  Test Loss: 0.8187, Test Acc: 0.7491
  Avg Iters: 20.0/20.0
  Time: 27.1s
Epoch 1 [0/469] Loss: 0.6846 Acc: 0.7969 Iters: 20/20
Epoch 1 [100/469] Loss: 0.6370 Acc: 0.8281 Iters: 20/20
Epoch 1 [200/469] Loss: 0.6600 Acc: 0.8281 Iters: 20/20
Epoch 1 [300/469] Loss: 0.3651 Acc: 0.8750 Iters: 20/20
Epoch 1 [400/469] Loss: 0.5952 Acc: 0.8438 Iters: 20/20

Epoch 1 Summary:
  Train Loss: 0.5898, Train Acc: 0.8233
  Test Loss: 0.4357, Test Acc: 0.8718
  Avg Iters: 20.0/20.0
  Time: 26.6s
Epoch 2 [0/469] Loss: 0.3776 Acc: 0.8750 Iters: 20/20
Epoch 2 [100/469] Loss: 0.5101 Acc: 0.8438 Iters: 20/20
Epoch 2 [200/469] Loss: 0.5481 Acc: 0.8047 Iters: 20/20
Epoch 2 [300/469] Loss: 0.3383 Acc: 0.8906 Iters: 20/20
Epoch 2 [400/469] Loss: 0.3929 Acc: 0.8984 Iters: 20/20

Epoch 2 Summary:
  Train Loss: 0.4149, Train Acc: 0.8787
  Test Loss: 0.3653, Test Acc: 0.8913
  Avg Iters: 20.0/20.0
  Time: 27.2s

======================================================================
Training complete! Best test accuracy: 0.8913
======================================================================
