Command: python train.py --dataset fashion --epochs 3 --d-model 64 --rapid
Duration: 88.0s
Exit code: 0
======================================================================
[Rapid Mode] Loaded config from /home/me/toreq/configs/rapid_mode.yaml
======================================================================
Training TorEqProp on MNIST
======================================================================
Device: cuda
Model: d_model=64, n_heads=4, d_ff=256
Attention: linear, Symmetric: False
Beta: 0.22, LR: 0.002, Damping: 0.8
Compile: False, Wandb: False
======================================================================
Epoch 0 [0/469] Loss: 2.5899 Acc: 0.0938 Iters: 20/20
Epoch 0 [100/469] Loss: 2.1803 Acc: 0.3047 Iters: 20/20
Epoch 0 [200/469] Loss: 1.9430 Acc: 0.4297 Iters: 20/20
Epoch 0 [300/469] Loss: 1.3731 Acc: 0.5938 Iters: 20/20
Epoch 0 [400/469] Loss: 1.0816 Acc: 0.6094 Iters: 20/20

Epoch 0 Summary:
  Train Loss: 1.6936, Train Acc: 0.4482
  Test Loss: 0.9151, Test Acc: 0.7016
  Avg Iters: 20.0/20.0
  Time: 27.0s
Epoch 1 [0/469] Loss: 0.9010 Acc: 0.7266 Iters: 20/20
Epoch 1 [100/469] Loss: 0.8271 Acc: 0.7109 Iters: 20/20
Epoch 1 [200/469] Loss: 0.6400 Acc: 0.8047 Iters: 20/20
Epoch 1 [300/469] Loss: 0.3892 Acc: 0.8750 Iters: 20/20
Epoch 1 [400/469] Loss: 0.6715 Acc: 0.8281 Iters: 20/20

Epoch 1 Summary:
  Train Loss: 0.6150, Train Acc: 0.8182
  Test Loss: 0.4419, Test Acc: 0.8790
  Avg Iters: 20.0/20.0
  Time: 26.8s
Epoch 2 [0/469] Loss: 0.4048 Acc: 0.9141 Iters: 20/20
Epoch 2 [100/469] Loss: 0.4842 Acc: 0.8750 Iters: 20/20
Epoch 2 [200/469] Loss: 0.3894 Acc: 0.8516 Iters: 20/20
Epoch 2 [300/469] Loss: 0.3183 Acc: 0.9141 Iters: 20/20
Epoch 2 [400/469] Loss: 0.3225 Acc: 0.9219 Iters: 20/20

Epoch 2 Summary:
  Train Loss: 0.4023, Train Acc: 0.8842
  Test Loss: 0.3779, Test Acc: 0.8868
  Avg Iters: 20.0/20.0
  Time: 27.5s

======================================================================
Training complete! Best test accuracy: 0.8868
======================================================================
