Command: python train_algorithmic.py --task parity --seq-len 12 --epochs 15
Duration: 104.7s
Exit code: 0
======================================================================

======================================================================
🧮 Algorithmic Task Training: PARITY
======================================================================
Device: cuda
Task: parity (seq_len=12)
Model: d=64, heads=4
Training: 15 epochs, lr=0.002, β=0.22
Hypothesis: More iterations for more 1s?
======================================================================

Data: 10000 train, 2000 test
Input dim: 12, Classes: 2
Epoch 1/15: Train Loss: 0.7113, Train Acc: 0.5038 | Test Loss: 0.6951, Test Acc: 0.4791 | Time: 7.0s
Epoch 2/15: Train Loss: 0.6958, Train Acc: 0.5011 | Test Loss: 0.6950, Test Acc: 0.5017 | Time: 6.8s
Epoch 3/15: Train Loss: 0.6949, Train Acc: 0.5049 | Test Loss: 0.6943, Test Acc: 0.4937 | Time: 6.8s
Epoch 4/15: Train Loss: 0.6943, Train Acc: 0.5002 | Test Loss: 0.6937, Test Acc: 0.5048 | Time: 6.8s
Epoch 5/15: Train Loss: 0.6940, Train Acc: 0.5105 | Test Loss: 0.6934, Test Acc: 0.4952 | Time: 6.9s
Epoch 6/15: Train Loss: 0.6962, Train Acc: 0.5054 | Test Loss: 0.6991, Test Acc: 0.4992 | Time: 6.8s
Epoch 7/15: Train Loss: 0.6946, Train Acc: 0.5038 | Test Loss: 0.6968, Test Acc: 0.5008 | Time: 6.8s
Epoch 8/15: Train Loss: 0.6951, Train Acc: 0.5076 | Test Loss: 0.6935, Test Acc: 0.5108 | Time: 6.8s
Epoch 9/15: Train Loss: 0.6955, Train Acc: 0.4998 | Test Loss: 0.6933, Test Acc: 0.4986 | Time: 6.7s
Epoch 10/15: Train Loss: 0.6935, Train Acc: 0.5141 | Test Loss: 0.7097, Test Acc: 0.4992 | Time: 6.7s
Epoch 11/15: Train Loss: 0.6950, Train Acc: 0.5122 | Test Loss: 0.6984, Test Acc: 0.4992 | Time: 6.7s
Epoch 12/15: Train Loss: 0.6952, Train Acc: 0.5064 | Test Loss: 0.6933, Test Acc: 0.5080 | Time: 6.6s
Epoch 13/15: Train Loss: 0.6964, Train Acc: 0.5151 | Test Loss: 0.7005, Test Acc: 0.5008 | Time: 6.8s
Epoch 14/15: Train Loss: 0.6946, Train Acc: 0.5062 | Test Loss: 0.6935, Test Acc: 0.5087 | Time: 6.7s
Epoch 15/15: Train Loss: 0.6960, Train Acc: 0.5033 | Test Loss: 0.6932, Test Acc: 0.5052 | Time: 6.6s

======================================================================
📊 RESULTS
======================================================================
Best Test Accuracy: 0.5108
Final Test Accuracy: 0.5052
Results saved to: logs/algorithmic/parity_20251229_094214.json
======================================================================

