Command: python train_algorithmic.py --task parity --seq-len 8 --epochs 1 --max-iters 5 --n-heads 2 --d-ff 64 --d-model 32 --batch-size 32
Duration: 10.7s
Exit code: 0
======================================================================

======================================================================
🧮 Algorithmic Task Training: PARITY
======================================================================
Device: cuda
Task: parity (seq_len=8)
Model: d=32, heads=2
Training: 1 epochs, lr=0.002, β=0.22
Hypothesis: More iterations for more 1s?
======================================================================

Data: 10000 train, 2000 test
Input dim: 8, Classes: 2
Epoch 1/1: Train Loss: 0.7050, Train Acc: 0.5036 | Test Loss: 0.6952, Test Acc: 0.4921 | Time: 7.1s

======================================================================
📊 RESULTS
======================================================================
Best Test Accuracy: 0.4921
Final Test Accuracy: 0.4921
Results saved to: logs/algorithmic/parity_20251229_095102.json
======================================================================

