Command: python train_rl.py --env CartPole-v1 --episodes 500
Duration: 425.2s
Exit code: 0
======================================================================

======================================================================
🎮 Reinforcement Learning with EqProp
======================================================================
Environment: CartPole-v1
Episodes: 500
Policy: Equilibrium Policy
======================================================================

Obs dim: 4, Action dim: 2
Episode 10: Reward=34, Avg(100)=22.8
Episode 20: Reward=15, Avg(100)=21.6
Episode 30: Reward=21, Avg(100)=23.8
Episode 40: Reward=22, Avg(100)=25.1
Episode 50: Reward=21, Avg(100)=25.9
  Evaluation: 24.0
Episode 60: Reward=13, Avg(100)=24.9
Episode 70: Reward=73, Avg(100)=26.6
Episode 80: Reward=31, Avg(100)=28.2
Episode 90: Reward=27, Avg(100)=30.6
Episode 100: Reward=40, Avg(100)=32.5
  Evaluation: 35.5
Episode 110: Reward=43, Avg(100)=35.2
Episode 120: Reward=112, Avg(100)=41.7
Episode 130: Reward=163, Avg(100)=48.6
Episode 140: Reward=53, Avg(100)=55.2
Episode 150: Reward=291, Avg(100)=69.1
  Evaluation: 138.6
Episode 160: Reward=54, Avg(100)=79.1
Episode 170: Reward=89, Avg(100)=86.6
Episode 180: Reward=127, Avg(100)=98.2
Episode 190: Reward=89, Avg(100)=104.4
Episode 200: Reward=347, Avg(100)=122.5
  Evaluation: 255.2
Episode 210: Reward=288, Avg(100)=157.3
Episode 220: Reward=162, Avg(100)=167.0
Episode 230: Reward=150, Avg(100)=172.0
Episode 240: Reward=215, Avg(100)=187.7
Episode 250: Reward=208, Avg(100)=193.4
  Evaluation: 211.9

🎉 SOLVED at episode 254! Avg reward: 195.1
Episode 260: Reward=363, Avg(100)=203.8
Episode 270: Reward=182, Avg(100)=219.3
Episode 280: Reward=219, Avg(100)=234.2
Episode 290: Reward=146, Avg(100)=239.9
Episode 300: Reward=190, Avg(100)=230.2
  Evaluation: 198.6
Episode 310: Reward=500, Avg(100)=223.8
Episode 320: Reward=500, Avg(100)=249.9
Episode 330: Reward=290, Avg(100)=277.7
Episode 340: Reward=220, Avg(100)=277.2
Episode 350: Reward=198, Avg(100)=272.8
  Evaluation: 188.5
Episode 360: Reward=87, Avg(100)=270.4
Episode 370: Reward=245, Avg(100)=268.6
Episode 380: Reward=411, Avg(100)=271.0
Episode 390: Reward=500, Avg(100)=295.1
Episode 400: Reward=277, Avg(100)=324.1
  Evaluation: 328.7
Episode 410: Reward=269, Avg(100)=321.7
Episode 420: Reward=391, Avg(100)=309.8
Episode 430: Reward=431, Avg(100)=309.1
Episode 440: Reward=392, Avg(100)=322.9
Episode 450: Reward=295, Avg(100)=341.9
  Evaluation: 316.3
Episode 460: Reward=326, Avg(100)=351.4
Episode 470: Reward=313, Avg(100)=355.8
Episode 480: Reward=500, Avg(100)=355.2
Episode 490: Reward=500, Avg(100)=364.3
Episode 500: Reward=208, Avg(100)=354.1
  Evaluation: 205.6

======================================================================
📊 RESULTS
======================================================================
Policy: EqProp
Best Average Reward: 364.5
Final Average Reward: 354.1
Solved: ✅ Yes
Training time: 422.1s
======================================================================

Results saved to: logs/rl/CartPole-v1_eqprop_20251229_103407.json
